 BACKUP FILE COMPARISON
============================================================
SERVER : wspace 192.168.100.71

Local files : 1122
S3 files    : 1122

RESULT: PASS
============================================================
SERVER : urbanity 192.168.100.69

Local files : 1744
S3 files    : 1744

RESULT: PASS
============================================================
SERVER : happywell 192.168.100.64
find: ‘/home/backup/base_backup/done/20260904’: No such file or directory

Local files : 0
S3 files    : 19632

RESULT: PASS
============================================================
SERVER : landev 192.168.100.61

Local files : 44
S3 files    : 71

RESULT: PASS
============================================================
SERVER : mmgi 192.168.100.65

Local files : 3036
S3 files    : 3036

RESULT: PASS
============================================================
SERVER : picar 192.168.100.67

Local files : 2074
S3 files    : 2074

RESULT: PASS
============================================================
SERVER : rockwell club-server

Local files : 572
S3 files    : 572

RESULT: PASS
============================================================
SERVER : tldc 192.168.100.63

Local files : 2692
S3 files    : 2692

RESULT: PASS
============================================================
SERVER : IMS 192.168.100.77

Local files : 31
S3 files    : 31

RESULT: PASS
============================================================
SERVER : WIKI 192.168.100.11

Local files : 8
S3 files    : 8

RESULT: PASS
============================================================
Log file: ./logs/Summary:20261007-16:54.log
Completed: Wed Oct  7 04:55:36 PM PST 2026
