 BACKUP FILE COMPARISON
============================================================
SERVER : wspace 192.168.100.71

Local files : 1214
S3 files    : 1214

RESULT: PASS
============================================================
SERVER : urbanity 192.168.100.69

Local files : 1970
S3 files    : 1970

RESULT: PASS
============================================================
SERVER : happywell 192.168.100.64

Local files : 280
S3 files    : 280

RESULT: PASS
============================================================
SERVER : landev 192.168.100.61

Local files : 58
S3 files    : 58

RESULT: PASS
============================================================
SERVER : mmgi 192.168.100.65

Local files : 3462
S3 files    : 3462

RESULT: PASS
============================================================
SERVER : picar 192.168.100.67

Local files : 80
S3 files    : 80

RESULT: PASS
============================================================
SERVER : rockwell club-server

Local files : 590
S3 files    : 590

RESULT: PASS
============================================================
SERVER : tldc 192.168.100.63

Local files : 3118
S3 files    : 3118

RESULT: PASS
============================================================
SERVER : IMS 192.168.100.77

Local files : 37
S3 files    : 37

RESULT: PASS
============================================================
SERVER : WIKI 192.168.100.11

Local files : 8
S3 files    : 8

RESULT: PASS
============================================================
Log file: ./logs/Summary:20261008-10:43.log
Completed: Thu Oct  8 10:44:19 AM PST 2026
